Microsoft Windows XP [°æ±¾ 5.1.2600]
(C) °æÈ¨ËùÓÐ 1985-2001 Microsoft Corp.

E:\android_develop\PortableGit-1.8.4-preview20130916_dinit>cd ../..

E:\>cd workspace

E:\workspace>git
usage: git [--version] [--help] [-c name=value]
           [--exec-path[=<path>]] [--html-path] [--man-path] [--info-path]
           [-p|--paginate|--no-pager] [--no-replace-objects] [--bare]
           [--git-dir=<path>] [--work-tree=<path>] [--namespace=<name>]
           <command> [<args>]

The most commonly used git commands are:
   add        Add file contents to the index
   bisect     Find by binary search the change that introduced a bug
   branch     List, create, or delete branches
   checkout   Checkout a branch or paths to the working tree
   clone      Clone a repository into a new directory
   commit     Record changes to the repository
   diff       Show changes between commits, commit and working tree, etc
   fetch      Download objects and refs from another repository
   grep       Print lines matching a pattern
   init       Create an empty Git repository or reinitialize an existing one
   log        Show commit logs
   merge      Join two or more development histories together
   mv         Move or rename a file, a directory, or a symlink
   pull       Fetch from and integrate with another repository or a local branch

   push       Update remote refs along with associated objects
   rebase     Forward-port local commits to the updated upstream head
   reset      Reset current HEAD to the specified state
   rm         Remove files from the working tree and from the index
   show       Show various types of objects
   status     Show the working tree status
   tag        Create, list, delete or verify a tag object signed with GPG

'git help -a' and 'git help -g' lists available subcommands and some
concept guides. See 'git help <command>' or 'git help <concept>'
to read about a specific subcommand or concept.

E:\workspace>git clone git@github.com:huangxbcode/HelloPython.git -b master
Cloning into 'HelloPython'...
The authenticity of host 'github.com (192.30.252.130)' can't be established.
RSA key fingerprint is 16:27:ac:a5:76:28:2d:36:63:1b:56:4d:eb:df:a6:48.
Are you sure you want to continue connecting (yes/no)? yes
Warning: Permanently added 'github.com,192.30.252.130' (RSA) to the list of know
n hosts.
Permission denied (publickey).
fatal: Could not read from remote repository.

Please make sure you have the correct access rights
and the repository exists.

E:\workspace>dinit
notice that if what in [] is same as what you want,press ENTER directly
pls input your git user name[sam]:
pls input your git user email[sam@lenovo.com]:huangxb@zuk.com
pls input your site(beijing/shanghai/xiamen/nanjing)[[32m[0m]:beijing
Enter file in which to save the key (/c/Documents and Settings/sam/.ssh/id_rsa):

pls goto your gerrit site!
and copy rsa public id to gerrit setting:

ssh-rsa AAAAB3NzaC1yc2EAAAADAQABAAABAQCsVx6gcHgC8/BS3oAITMutrdmJqk/97W1/3DLU8hgY
+Ve4yI4VANq/hQBMFPX9G1yfsV9txBF7BqPh8ongssXIflDvXE9HabACqgoyfZ3KnU8k16hb5zFPHmMr
q7xKAhkzUk8hXWOObYpOa1a+lpZlKVtRs+A9bwIJ50+C7rEsU2KMLo8ei/Hbb/cVTOB4uvnQRYN09x1w
ukgmEDOH4biRYEtGboqvx9lufSh2u7RBs4IM0QqIKjc7cP4DiBi+tgQyzKuBh43Cv4vlxfOeMoru2eFp
5n0Oe87TqJ7QbPTG+NLHC+WJKnuUGUmKqu6jiIyJkMItoCNsqKXHetLhoMKl sam@SAM-01D6A84BE7F


pls make sure you have add the public key to gerrit( http://sc.lenovo.com:8080 )
!


E:\workspace>git clone git@github.com:huangxbcode/HelloPython.git -b master
Cloning into 'HelloPython'...
Warning: Permanently added the RSA host key for IP address '192.30.252.129' to t
he list of known hosts.
warning: You appear to have cloned an empty repository.
Checking connectivity... done

E:\workspace>git status
fatal: Not a git repository (or any of the parent directories): .git

E:\workspace>cd pyth
ÏµÍ³ÕÒ²»µ½Ö¸¶¨µÄÂ·¾¶¡£

E:\workspace>cd python
ÏµÍ³ÕÒ²»µ½Ö¸¶¨µÄÂ·¾¶¡£

E:\workspace>cd hellopython

E:\workspace\HelloPython>ls
python

E:\workspace\HelloPython>git status
# On branch master
#
# Initial commit
#
# Untracked files:
#   (use "git add <file>..." to include in what will be committed)
#
#       python/
nothing added to commit but untracked files present (use "git add" to track)

E:\workspace\HelloPython>git add python

E:\workspace\HelloPython>git status
# On branch master
#
# Initial commit
#
# Changes to be committed:
#   (use "git rm --cached <file>..." to unstage)
#
#       new file:   python/chapter1/hello_world.py
#       new file:   python/chapter2/wumpus-1.py
#       new file:   python/chapter2/wumpus-2.py
#       new file:   python/chapter2/wumpus.py
#       new file:   python/chapter3/dir1/comp1.txt
#       new file:   python/chapter3/dir1/newfile.txt
#       new file:   python/chapter3/dir1/py.ico
#       new file:   python/chapter3/dir2/comp1.txt
#       new file:   python/chapter3/dir2/comp2.txt
#       new file:   python/chapter3/dir2/py.ico
#       new file:   python/chapter3/filecomp.py
#       new file:   python/chapter3/sample.py
#       new file:   python/chapter4-todo/est_todo.py
#       new file:   python/chapter4-todo/todo.py
#       new file:   python/chapter4-todo/todo.pyc
#       new file:   python/chapter4-todo/todos.pickle
#

E:\workspace\HelloPython>git commit
[master (root-commit) 4890684] Hello! python.first commit. todo sample
 16 files changed, 774 insertions(+)
 create mode 100644 python/chapter1/hello_world.py
 create mode 100644 python/chapter2/wumpus-1.py
 create mode 100644 python/chapter2/wumpus-2.py
 create mode 100644 python/chapter2/wumpus.py
 create mode 100644 python/chapter3/dir1/comp1.txt
 create mode 100644 python/chapter3/dir1/newfile.txt
 create mode 100644 python/chapter3/dir1/py.ico
 create mode 100644 python/chapter3/dir2/comp1.txt
 create mode 100644 python/chapter3/dir2/comp2.txt
 create mode 100644 python/chapter3/dir2/py.ico
 create mode 100644 python/chapter3/filecomp.py
 create mode 100644 python/chapter3/sample.py
 create mode 100644 python/chapter4-todo/est_todo.py
 create mode 100644 python/chapter4-todo/todo.py
 create mode 100644 python/chapter4-todo/todo.pyc
 create mode 100644 python/chapter4-todo/todos.pickle

E:\workspace\HelloPython>git push origin HEAD:refs/for/master
Counting objects: 23, done.
Delta compression using up to 4 threads.
Compressing objects: 100% (19/19), done.
Writing objects: 100% (23/23), 15.46 KiB | 0 bytes/s, done.
Total 23 (delta 3), reused 0 (delta 0)
To git@github.com:huangxbcode/HelloPython.git
 * [new branch]      HEAD -> refs/for/master

E:\workspace\HelloPython>git remote add origin git@github.com:huangxbcode/HelloP
ython.git
fatal: remote origin already exists.

E:\workspace\HelloPython>
E:\workspace\HelloPython>git push -u origin master
Warning: Permanently added the RSA host key for IP address '192.30.252.128' to t
he list of known hosts.
Total 0 (delta 0), reused 0 (delta 0)
To git@github.com:huangxbcode/HelloPython.git
 * [new branch]      master -> master
Branch master set up to track remote branch master from origin by rebasing.

E:\workspace\HelloPython>ls
python

E:\workspace\HelloPython>cd ..

E:\workspace>ls
HelloPython

E:\workspace>mkdir test

E:\workspace>cd test

E:\workspace\test>
E:\workspace\test>git clone git@github.com:huangxbcode/HelloPython.git -b master

Cloning into 'HelloPython'...
remote: Counting objects: 23, done.
remote: Compressing objects: 100% (16/16), done.
remote: Total 23 (delta 3), reused 23 (delta 3), pack-reused 0
Receiving objects: 100% (23/23), 15.46 KiB | 0 bytes/s, done.
Resolving deltas: 100% (3/3), done.
Checking connectivity... done

E:\workspace\test>